# The proper term is pseudo_replica_mode, but we use this compatibility alias
# to make the statement usable on server versions 8.0.24 and older.
/*!50530 SET @@SESSION.PSEUDO_SLAVE_MODE=1*/;
/*!50003 SET @OLD_COMPLETION_TYPE=@@COMPLETION_TYPE,COMPLETION_TYPE=0*/;
DELIMITER /*!*/;
# at 4
#251203 17:20:45 server id 1  end_log_pos 126 CRC32 0xe975dd6f 	Start: binlog v 4, server v 8.0.44 created 251203 17:20:45 at startup
ROLLBACK/*!*/;
BINLOG '
3fIvaQ8BAAAAegAAAH4AAAAAAAQAOC4wLjQ0AAAAAAAAAAAAAAAAAAAAAAAAAAAAAAAAAAAAAAAA
AAAAAAAAAAAAAAAAAADd8i9pEwANAAgAAAAABAAEAAAAYgAEGggAAAAICAgCAAAACgoKKioAEjQA
CigAAW/ddek=
'/*!*/;
# at 126
#251203 17:20:45 server id 1  end_log_pos 157 CRC32 0xc59bd4c0 	Previous-GTIDs
# [empty]
# at 157
#251203 17:33:58 server id 1  end_log_pos 180 CRC32 0xe2b26abf 	Stop
SET @@SESSION.GTID_NEXT= 'AUTOMATIC' /* added by mysqlbinlog */ /*!*/;
DELIMITER ;
# End of log file
/*!50003 SET COMPLETION_TYPE=@OLD_COMPLETION_TYPE*/;
/*!50530 SET @@SESSION.PSEUDO_SLAVE_MODE=0*/;
